    - </<</>/>>
    
wtang@c3r2s2:~/minishell$ </<</>/>>
> ^C

minishell$ </<</>/>>
minishell: syntax error near unexpected token
zsh: segmentation fault (core dumped)  ./minishell  
问题： 段错误（segmentation fault）是不可接受的！
修复： 需要改进语法检查，在遇到无效重定向时应该：
显示明确的错误信息
不崩溃，继续等待下一个命令  
-----------------------

    - echo hola>file
    
wtang@c3r2s2:~/minishell$ echo hola>file
wtang@c3r2s2:~/minishell$

minishell$ echo hola>file
hola
-----------------------

    - echo hola </<</>/>>   </<</>/>> file
    
wtang@c3r2s2:~/minishell$ echo hola </<</>/>>   </<</>/>> file
bash: syntax error near unexpected token `<'
> ^C

minishell$ echo hola </<</>/>>   </<</>/>> file
minishell: syntax error near unexpected token
zsh: segmentation fault (core dumped)  ./minishell
要求： 项目要求实现重定向，但需要正确处理语法错误
-----------------------
    
    - echo hola </<</>/>>   | file
    
    - echo hola > file </<</>/>>
    
wtang@c3r2s2:~/minishell$ echo hola > file </<</>/>>
> ^C

minishell: syntax error near unexpected token
zsh: segmentation fault (core dumped)  ./minishell
-----------------------

    - echo hola > file
    
wtang@c3r2s2:~/minishell$ echo hola > file
wtang@c3r2s2:~/minishell$

minishell$ echo hola > file
hola
-----------------------

    - echo hola > file > file2 > file3
    
wtang@c3r2s2:~/minishell$ echo hola > file > file2 > file3
wtang@c3r2s2:~/minishell$

minishell$ echo hola > file > file2 > file3
hola
问题： 在bash中，多个输出重定向只有最后一个生效
你的行为： 输出到所有文件？需要确认实现是否正确
-----------------------

    - echo hola > file << EOF
    
wtang@c3r2s2:~/minishell$ echo hola > file << EOF
> ^C

minishell$ echo hola > file << EOF
hola
-----------------------

    - cat << EOF > file
    
    wtang@c3r2s2:~/minishell$ cat << EOF > file
> ^C

minishell$ cat << EOF > file
> 
minishell$ $
-----------------------
    
    - cat << hola << que << tal
    
wtang@c3r2s2:~/minishell$ cat << hola << que << tal
> this is test
> hola
> que
> tal

minishell$ cat << hola << que << tal
> this is test
> hola
> this is test
> minishell: warning: here-document delimited by end-of-file
> this is test
> minishell: warning: here-document delimited by end-of-file
this is test
要求： 在交互模式下，ctrl-C 应该在新行打印新提示符
-----------------------

    - cat << hola << que << tal -> aplicarle señales a heredoc
    
wtang@c3r2s2:~/minishell$ cat << hola << que << tal -> aplicarle señales a heredoc
> ^C
wtang@c3r2s2:~/minishell$

minishell$ minishell$ cat << hola << que << tal -> aplicarle señales a heredoc
> 
minishell$ minishell$
-----------------------





